
> tms-frontend@0.0.0 build
> tsc -b && vite build

src/components/coursePreview/CoursePurchaseAndReceipt.tsx(57,13): error TS2769: No overload matches this call.
  Overload 1 of 3, '(value: number | bigint | StringNumericLiteral): string', gave the following error.
    Argument of type 'string' is not assignable to parameter of type 'number | bigint | StringNumericLiteral'.
  Overload 2 of 3, '(value: number | bigint): string', gave the following error.
    Argument of type 'string' is not assignable to parameter of type 'number | bigint'.
  Overload 3 of 3, '(value: number): string', gave the following error.
    Argument of type 'string' is not assignable to parameter of type 'number'.
src/components/coursePreview/mockCourseDetails.ts(15,5): error TS2322: Type 'number' is not assignable to type 'string'.
src/components/coursePreview/mockCourseDetails.ts(46,5): error TS2322: Type 'number' is not assignable to type 'string'.
src/components/coursePreview/mockCourseDetails.ts(75,5): error TS2322: Type 'number' is not assignable to type 'string'.
src/components/coursePreview/mockCourseDetails.ts(101,5): error TS2322: Type 'number' is not assignable to type 'string'.
src/components/coursePreview/mockCourseDetails.ts(127,5): error TS2322: Type 'number' is not assignable to type 'string'.
src/components/coursePreview/mockCourseDetails.ts(152,5): error TS2322: Type 'number' is not assignable to type 'string'.
src/components/files/mockFiles.ts(5,3): error TS2741: Property 'url' is missing in type '{ id: string; courseId: string; courseName: string; name: string; description: string; sizeLabel: string; kind: "PDF"; updatedLabel: string; }' but required in type 'FileCatalogItem'.
src/components/files/mockFiles.ts(15,3): error TS2741: Property 'url' is missing in type '{ id: string; courseId: string; courseName: string; name: string; description: string; sizeLabel: string; kind: "Archive"; updatedLabel: string; }' but required in type 'FileCatalogItem'.
src/components/files/mockFiles.ts(25,3): error TS2741: Property 'url' is missing in type '{ id: string; courseId: string; courseName: string; name: string; description: string; sizeLabel: string; kind: "Markdown"; updatedLabel: string; }' but required in type 'FileCatalogItem'.
src/components/files/mockFiles.ts(35,3): error TS2741: Property 'url' is missing in type '{ id: string; courseId: string; courseName: string; name: string; description: string; sizeLabel: string; kind: "Other"; updatedLabel: string; }' but required in type 'FileCatalogItem'.
src/components/files/mockFiles.ts(45,3): error TS2741: Property 'url' is missing in type '{ id: string; courseId: string; courseName: string; name: string; description: string; sizeLabel: string; kind: "JSON"; updatedLabel: string; }' but required in type 'FileCatalogItem'.
src/components/files/mockFiles.ts(55,3): error TS2741: Property 'url' is missing in type '{ id: string; courseId: string; courseName: string; name: string; description: string; sizeLabel: string; kind: "Image"; updatedLabel: string; }' but required in type 'FileCatalogItem'.
src/components/files/mockFiles.ts(65,3): error TS2741: Property 'url' is missing in type '{ id: string; courseId: string; courseName: string; name: string; description: string; sizeLabel: string; kind: "Other"; updatedLabel: string; }' but required in type 'FileCatalogItem'.
src/components/files/mockFiles.ts(75,3): error TS2741: Property 'url' is missing in type '{ id: string; courseId: string; courseName: string; name: string; description: string; sizeLabel: string; kind: "SQL"; updatedLabel: string; }' but required in type 'FileCatalogItem'.
src/components/files/mockFiles.ts(85,3): error TS2741: Property 'url' is missing in type '{ id: string; courseId: string; courseName: string; name: string; description: string; sizeLabel: string; kind: "YAML"; updatedLabel: string; }' but required in type 'FileCatalogItem'.
src/components/files/mockFiles.ts(95,3): error TS2741: Property 'url' is missing in type '{ id: string; courseId: string; courseName: string; name: string; description: string; sizeLabel: string; kind: "PDF"; updatedLabel: string; }' but required in type 'FileCatalogItem'.
src/components/files/mockFiles.ts(105,3): error TS2741: Property 'url' is missing in type '{ id: string; courseId: string; courseName: string; name: string; description: string; sizeLabel: string; kind: "Diagram"; updatedLabel: string; }' but required in type 'FileCatalogItem'.
src/pages/AdminPages/AccessRequests.tsx(2,35): error TS6133: 'BookOpen' is declared but its value is never read.
src/pages/AdminPages/AccessRequests.tsx(3,31): error TS6133: 'CardContent' is declared but its value is never read.
src/pages/AdminPages/AccessRequests.tsx(3,51): error TS6133: 'Separator' is declared but its value is never read.
